// Jest Snapshot v1, https://goo.gl/fbAQLP

exports[`ZaboDetailModal.test.js has the expected html structure 1`] = `undefined`;
